../Core/Src/main.c:88:5:__io_putchar	1
../Core/Src/main.c:94:6:HAL_ADC_ConvCpltCallback	2
../Core/Src/main.c:108:5:main	1
../Core/Src/main.c:200:6:SystemClock_Config	4
../Core/Src/main.c:260:6:PeriphCommonClock_Config	2
../Core/Src/main.c:286:13:MX_ADC1_Init	4
../Core/Src/main.c:353:13:MX_DFSDM1_Init	2
../Core/Src/main.c:391:13:MX_I2C2_Init	4
../Core/Src/main.c:439:13:MX_QUADSPI_Init	2
../Core/Src/main.c:472:13:MX_SPI3_Init	2
../Core/Src/main.c:512:13:MX_TIM1_Init	4
../Core/Src/main.c:559:13:MX_USART1_UART_Init	2
../Core/Src/main.c:594:13:MX_USART3_UART_Init	2
../Core/Src/main.c:629:13:MX_USB_OTG_FS_PCD_Init	2
../Core/Src/main.c:664:13:MX_GPIO_Init	1
../Core/Src/main.c:843:6:StartDefaultTask	2
../Core/Src/main.c:865:6:Error_Handler	1
