../Drivers/CMSIS/Include/core_cm4.h:1906:22:__NVIC_SetVector	24	static
../Core/Src/main.c:69:5:__io_putchar	16	static
../Core/Src/main.c:114:5:main	64	static
../Core/Src/main.c:212:6:SystemClock_Config	96	static
../Core/Src/main.c:272:6:PeriphCommonClock_Config	144	static
../Core/Src/main.c:365:13:MX_DFSDM1_Init	8	static
../Core/Src/main.c:403:13:MX_I2C2_Init	8	static
../Core/Src/main.c:451:13:MX_QUADSPI_Init	8	static
../Core/Src/main.c:484:13:MX_SPI3_Init	8	static
../Core/Src/main.c:525:6:TIM1_Init	40	static
../Core/Src/main.c:606:6:HAL_ADC_MspInit	24	static
../Core/Src/main.c:617:6:HAL_ADC_MspDeInit	16	static
../Core/Src/main.c:628:6:ADC1_Init	48	static
../Core/Src/main.c:685:6:HAL_ADC_ConvCpltCallback	16	static
../Core/Src/main.c:696:6:HAL_ADC_ConvHalfCpltCallback	16	static
../Core/Src/main.c:706:6:DMA1_Channel1_IRQHandler	8	static
../Core/Src/main.c:712:6:ADC1_DMA1CH1_init	16	static
../Core/Src/main.c:739:6:HAL_TIM_Base_MspInit	24	static
../Core/Src/main.c:747:6:HAL_TIM_Base_MspDeInit	16	static
../Core/Src/main.c:761:13:MX_USART1_UART_Init	8	static
../Core/Src/main.c:796:13:MX_USART3_UART_Init	8	static
../Core/Src/main.c:831:13:MX_USB_OTG_FS_PCD_Init	8	static
../Core/Src/main.c:866:13:MX_GPIO_Init	48	static
../Core/Src/main.c:1045:6:StartDefaultTask	24	static
../Core/Src/main.c:1080:6:Error_Handler	4	static,ignoring_inline_asm
