../Core/Src/main.c:83:5:__io_putchar	16	static
../Core/Src/main.c:89:6:HAL_ADC_ConvCpltCallback	24	static
../Core/Src/main.c:100:5:main	8	static
../Core/Src/main.c:157:6:SystemClock_Config	96	static
../Core/Src/main.c:217:6:PeriphCommonClock_Config	144	static
../Core/Src/main.c:243:13:MX_ADC1_Init	48	static
../Core/Src/main.c:310:13:MX_DFSDM1_Init	8	static
../Core/Src/main.c:348:13:MX_I2C2_Init	8	static
../Core/Src/main.c:396:13:MX_QUADSPI_Init	8	static
../Core/Src/main.c:429:13:MX_SPI3_Init	8	static
../Core/Src/main.c:469:13:MX_TIM1_Init	40	static
../Core/Src/main.c:516:13:MX_USART1_UART_Init	8	static
../Core/Src/main.c:551:13:MX_USART3_UART_Init	8	static
../Core/Src/main.c:586:13:MX_USB_OTG_FS_PCD_Init	8	static
../Core/Src/main.c:621:13:MX_GPIO_Init	48	static
../Core/Src/main.c:797:6:Error_Handler	4	static,ignoring_inline_asm
