../Core/Src/stm32l4xx_hal_msp.c:63:6:HAL_MspInit	16	static
../Core/Src/stm32l4xx_hal_msp.c:86:6:HAL_ADC_MspInit	56	static
../Core/Src/stm32l4xx_hal_msp.c:143:6:HAL_ADC_MspDeInit	16	static
../Core/Src/stm32l4xx_hal_msp.c:186:6:HAL_DFSDM_ChannelMspInit	184	static
../Core/Src/stm32l4xx_hal_msp.c:235:6:HAL_DFSDM_ChannelMspDeInit	16	static
../Core/Src/stm32l4xx_hal_msp.c:265:6:HAL_I2C_MspInit	184	static
../Core/Src/stm32l4xx_hal_msp.c:312:6:HAL_I2C_MspDeInit	16	static
../Core/Src/stm32l4xx_hal_msp.c:343:6:HAL_QSPI_MspInit	48	static
../Core/Src/stm32l4xx_hal_msp.c:385:6:HAL_QSPI_MspDeInit	16	static
../Core/Src/stm32l4xx_hal_msp.c:419:6:HAL_SPI_MspInit	48	static
../Core/Src/stm32l4xx_hal_msp.c:457:6:HAL_SPI_MspDeInit	16	static
../Core/Src/stm32l4xx_hal_msp.c:487:6:HAL_TIM_Base_MspInit	24	static
../Core/Src/stm32l4xx_hal_msp.c:510:6:HAL_TIM_Base_MspDeInit	16	static
../Core/Src/stm32l4xx_hal_msp.c:532:6:HAL_UART_MspInit	192	static
../Core/Src/stm32l4xx_hal_msp.c:613:6:HAL_UART_MspDeInit	16	static
../Core/Src/stm32l4xx_hal_msp.c:660:6:HAL_PCD_MspInit	48	static
../Core/Src/stm32l4xx_hal_msp.c:716:6:HAL_PCD_MspDeInit	24	static
